../Core/Src/main.c:93:5:main	8	static
../Core/Src/main.c:140:6:SystemClock_Config	96	static
../Core/Src/main.c:201:13:MX_RTC_Init	8	static
../Core/Src/main.c:237:13:MX_TIM6_Init	24	static
../Core/Src/main.c:275:13:MX_USART2_UART_Init	8	static
../Core/Src/main.c:308:13:MX_DMA_Init	16	static
../Core/Src/main.c:326:13:MX_GPIO_Init	40	static
../Core/Src/main.c:350:9:swarm_cc	32	static
../Core/Src/main.c:388:6:green_toggle	8	static
../Core/Src/main.c:393:19:send_string_2_uart	16	static
../Core/Src/main.c:397:19:send_string_2_dbg	16	static
../Core/Src/main.c:402:6:HAL_TIM_PeriodElapsedCallback	16	static
../Core/Src/main.c:411:19:receive_swarm_uart_dma	16	static
../Core/Src/main.c:418:6:HAL_UARTEx_RxEventCallback	16	static
../Core/Src/main.c:432:6:Error_Handler	4	static,ignoring_inline_asm
