../Core/Src/main.c:96:5:main	16	static
../Core/Src/main.c:146:6:SystemClock_Config	96	static
../Core/Src/main.c:207:13:MX_RTC_Init	8	static
../Core/Src/main.c:243:13:MX_TIM6_Init	24	static
../Core/Src/main.c:281:13:MX_USART2_UART_Init	8	static
../Core/Src/main.c:314:13:MX_DMA_Init	16	static
../Core/Src/main.c:332:13:MX_GPIO_Init	40	static
../Core/Src/main.c:355:9:uart_cc	40	static
../Core/Src/main.c:444:6:clean_buff	24	static
../Core/Src/main.c:451:6:green_toggle	8	static
../Core/Src/main.c:456:19:send_string_2_uart	16	static
../Core/Src/main.c:460:19:send_string_2_dbg	16	static
../Core/Src/main.c:466:6:tim_init	4	static
../Core/Src/main.c:470:6:tim_start	8	static
../Core/Src/main.c:475:6:HAL_TIM_PeriodElapsedCallback	16	static
../Core/Src/main.c:484:19:receive_uart_dma	16	static
../Core/Src/main.c:495:6:HAL_UARTEx_RxEventCallback	16	static
../Core/Src/main.c:509:6:Error_Handler	4	static,ignoring_inline_asm
